[assembly: System.CLSCompliantAttribute(true)]
[assembly: System.Runtime.CompilerServices.InternalsVisibleToAttribute("NServiceBus.StructureMap.Tests")]
[assembly: System.Runtime.InteropServices.ComVisibleAttribute(false)]
namespace NServiceBus
{
    [System.ObsoleteAttribute(@"StructureMap is no longer supported via the NServiceBus.StructureMap adapter. NServiceBus directly supports all containers compatible with Microsoft.Extensions.DependencyInjection.Abstractions via the externally managed container mode. Will be removed in version 9.0.0.", true)]
    public class StructureMapBuilder
    {
        public StructureMapBuilder() { }
    }
    [System.ObsoleteAttribute(@"StructureMap is no longer supported via the NServiceBus.StructureMap adapter. NServiceBus directly supports all containers compatible with Microsoft.Extensions.DependencyInjection.Abstractions via the externally managed container mode. Will be removed in version 9.0.0.", true)]
    public class static StructureMapExtensions { }
}